104 passed in 113.30s (0:01:53)
